=== Hyperparameter Search Started at Sat Mar 21 09:50:49 PM CET 2026 ===
Target: R² >= 0.687 (SNN benchmark on indy_20160622_01)

=== ROUND 1: Learning rate + epochs sweep (3-layer, hidden=128) ===
[21:50:49] Starting: r1a_lr001_ep30_b64_h128_bias (cores=0-2, nprocs=3)
[21:50:49] Starting: r1b_lr0005_ep30_b64_h128_bias (cores=3-5, nprocs=3)
[21:50:49] Starting: r1c_lr001_ep30_b64_h256_bias (cores=6-8, nprocs=3)
[21:50:49] Starting: r1d_lr001_ep30_b252_h128_bias (cores=9-11, nprocs=3)
[00:39:32] Finished: r1d_lr001_ep30_b252_h128_bias -> Test R²=N/A
  Log: results/hyperparam_search/r1d_lr001_ep30_b252_h128_bias_20260321_215049.log
[01:47:01] Finished: r1a_lr001_ep30_b64_h128_bias -> Test R²=N/A
  Log: results/hyperparam_search/r1a_lr001_ep30_b64_h128_bias_20260321_215049.log
[02:10:14] Finished: r1b_lr0005_ep30_b64_h128_bias -> Test R²=N/A
  Log: results/hyperparam_search/r1b_lr0005_ep30_b64_h128_bias_20260321_215049.log
[14:30:54] Finished: r1c_lr001_ep30_b64_h256_bias -> Test R²=N/A
  Log: results/hyperparam_search/r1c_lr001_ep30_b64_h256_bias_20260321_215049.log

=== ROUND 1 COMPLETE ===

=== ROUND 2: Deeper networks + restrict + firing_nb ===
[14:30:54] Starting: r2c_lr001_ep30_b64_h128_fire5 (cores=7-9, nprocs=3)
[14:30:54] Starting: r2a_lr001_ep30_b64_h128_64_bias_4layer (cores=0-3, nprocs=4)
[14:30:54] Starting: r2b_lr001_ep30_b64_h128_restrict05 (cores=4-6, nprocs=3)
[14:30:54] Starting: r2d_lr001_ep30_b64_h512_wreg (cores=10-12, nprocs=3)
