Rank 0, layer idx: 0, batch part: 64, process per layer: 1, last rank: 2
Rank 2, layer idx: 2, batch part: 64, process per layer: 1, last rank: 2
rank std:  2 0.125
Rank 1, layer idx: 1, batch part: 64, process per layer: 1, last rank: 2
rank std:  1 0.14433756
Loading indy_20160622_01.mat
Data loaded: 96 features, 612420 timesteps (channels=96, unit_slots=5)
Split: train=373048, val=106627, test=132745
max nonzero:  1532
Traceback (most recent call last):
  File "/home/I6256161/AiNed/async_MLP_neural_decoding.py", line 1578, in <module>
    main(
  File "/home/I6256161/AiNed/async_MLP_neural_decoding.py", line 1504, in main
    params, weights, thresholds = rerun_init(
                                  ^^^^^^^^^^^
  File "/home/I6256161/AiNed/other_helpers/helpers.py", line 355, in rerun_init
    assert path[1] == new_params.dataset, f"Rerun can only be used on the same dataset, got {path[1]} and {new_params.dataset}"
           ~~~~^^^
IndexError: list index out of range
Traceback (most recent call last):
  File "/home/I6256161/AiNed/async_MLP_neural_decoding.py", line 1578, in <module>
    main(
  File "/home/I6256161/AiNed/async_MLP_neural_decoding.py", line 1504, in main
    params, weights, thresholds = rerun_init(
                                  ^^^^^^^^^^^
  File "/home/I6256161/AiNed/other_helpers/helpers.py", line 355, in rerun_init
    assert path[1] == new_params.dataset, f"Rerun can only be used on the same dataset, got {path[1]} and {new_params.dataset}"
           ~~~~^^^
IndexError: list index out of range
Traceback (most recent call last):
  File "/home/I6256161/AiNed/async_MLP_neural_decoding.py", line 1578, in <module>
    main(
  File "/home/I6256161/AiNed/async_MLP_neural_decoding.py", line 1504, in main
    params, weights, thresholds = rerun_init(
                                  ^^^^^^^^^^^
  File "/home/I6256161/AiNed/other_helpers/helpers.py", line 355, in rerun_init
    assert path[1] == new_params.dataset, f"Rerun can only be used on the same dataset, got {path[1]} and {new_params.dataset}"
           ~~~~^^^
IndexError: list index out of range
--------------------------------------------------------------------------
Primary job  terminated normally, but 1 process returned
a non-zero exit code. Per user-direction, the job has been aborted.
--------------------------------------------------------------------------
--------------------------------------------------------------------------
mpirun detected that one or more processes exited with non-zero status, thus causing
the job to be terminated. The first process to do so was:

  Process name: [[4741,1],0]
  Exit code:    1
--------------------------------------------------------------------------
