=== Hyperparameter Search Started at Sat Mar 21 09:49:33 PM CET 2026 ===
Target: R² >= 0.687 (SNN benchmark on indy_20160622_01)

=== ROUND 1: Learning rate + epochs sweep (3-layer, hidden=128) ===
[21:49:33] Starting: r1c_lr001_ep30_b64_h256_bias (cores=6-8, nprocs=3)
[21:49:33] Starting: r1d_lr001_ep30_b252_h128_bias (cores=9-11, nprocs=3)
[21:49:33] Starting: r1b_lr0005_ep30_b64_h128_bias (cores=3-5, nprocs=3)
[21:49:33] Starting: r1a_lr001_ep30_b64_h128_bias (cores=0-2, nprocs=3)
[21:49:43] Finished: r1d_lr001_ep30_b252_h128_bias -> Test R²=N/A
  Log: results/hyperparam_search/r1d_lr001_ep30_b252_h128_bias_20260321_214933.log
[21:49:43] Finished: r1a_lr001_ep30_b64_h128_bias -> Test R²=N/A
  Log: results/hyperparam_search/r1a_lr001_ep30_b64_h128_bias_20260321_214933.log
[21:49:44] Finished: r1b_lr0005_ep30_b64_h128_bias -> Test R²=N/A
  Log: results/hyperparam_search/r1b_lr0005_ep30_b64_h128_bias_20260321_214933.log
[21:49:47] Finished: r1c_lr001_ep30_b64_h256_bias -> Test R²=N/A
  Log: results/hyperparam_search/r1c_lr001_ep30_b64_h256_bias_20260321_214933.log

=== ROUND 1 COMPLETE ===

=== ROUND 2: Deeper networks + restrict + firing_nb ===
[21:49:47] Starting: r2a_lr001_ep30_b64_h128_64_bias_4layer (cores=0-3, nprocs=4)
[21:49:47] Starting: r2b_lr001_ep30_b64_h128_restrict05 (cores=4-6, nprocs=3)
[21:49:47] Starting: r2c_lr001_ep30_b64_h128_fire5 (cores=7-9, nprocs=3)
[21:49:47] Starting: r2d_lr001_ep30_b64_h512_wreg (cores=10-12, nprocs=3)
[21:49:57] Finished: r2a_lr001_ep30_b64_h128_64_bias_4layer -> Test R²=N/A
  Log: results/hyperparam_search/r2a_lr001_ep30_b64_h128_64_bias_4layer_20260321_214933.log
[21:49:58] Finished: r2c_lr001_ep30_b64_h128_fire5 -> Test R²=N/A
  Log: results/hyperparam_search/r2c_lr001_ep30_b64_h128_fire5_20260321_214933.log
[21:49:58] Finished: r2b_lr001_ep30_b64_h128_restrict05 -> Test R²=N/A
  Log: results/hyperparam_search/r2b_lr001_ep30_b64_h128_restrict05_20260321_214933.log
[21:49:59] Finished: r2d_lr001_ep30_b64_h512_wreg -> Test R²=N/A
  Log: results/hyperparam_search/r2d_lr001_ep30_b64_h512_wreg_20260321_214933.log

=== ROUND 2 COMPLETE ===

=== ROUND 3: Extended training + best combos ===
[21:49:59] Starting: r3a_lr001_ep50_b64_h128_bias (cores=0-2, nprocs=3)
[21:49:59] Starting: r3b_lr0005_ep50_b64_h256_bias (cores=3-5, nprocs=3)
[21:49:59] Starting: r3c_lr001_ep30_b64_h256_fire10 (cores=6-8, nprocs=3)
[21:49:59] Starting: r3d_lr002_ep30_b64_h128_restrict07 (cores=9-11, nprocs=3)
[21:50:10] Finished: r3d_lr002_ep30_b64_h128_restrict07 -> Test R²=N/A
  Log: results/hyperparam_search/r3d_lr002_ep30_b64_h128_restrict07_20260321_214933.log
[21:50:10] Finished: r3c_lr001_ep30_b64_h256_fire10 -> Test R²=N/A
  Log: results/hyperparam_search/r3c_lr001_ep30_b64_h256_fire10_20260321_214933.log
[21:50:11] Finished: r3a_lr001_ep50_b64_h128_bias -> Test R²=N/A
  Log: results/hyperparam_search/r3a_lr001_ep50_b64_h128_bias_20260321_214933.log
[21:50:11] Finished: r3b_lr0005_ep50_b64_h256_bias -> Test R²=N/A
  Log: results/hyperparam_search/r3b_lr0005_ep50_b64_h256_bias_20260321_214933.log

=== ROUND 3 COMPLETE ===

=== ROUND 4: firing_nb sweep + combinations ===
[21:50:11] Starting: r4b_lr001_ep30_b64_h128_fire50 (cores=3-5, nprocs=3)
[21:50:11] Starting: r4a_lr001_ep30_b64_h128_fire20 (cores=0-2, nprocs=3)
[21:50:11] Starting: r4d_lr001_ep30_b126_h256_fire10 (cores=10-12, nprocs=3)
[21:50:11] Starting: r4c_lr001_ep30_b64_h128x128_fire5_4layer (cores=6-9, nprocs=4)
[21:50:22] Finished: r4c_lr001_ep30_b64_h128x128_fire5_4layer -> Test R²=N/A
  Log: results/hyperparam_search/r4c_lr001_ep30_b64_h128x128_fire5_4layer_20260321_214933.log
[21:50:24] Finished: r4a_lr001_ep30_b64_h128_fire20 -> Test R²=N/A
  Log: results/hyperparam_search/r4a_lr001_ep30_b64_h128_fire20_20260321_214933.log
[21:50:24] Finished: r4d_lr001_ep30_b126_h256_fire10 -> Test R²=N/A
  Log: results/hyperparam_search/r4d_lr001_ep30_b126_h256_fire10_20260321_214933.log
[21:50:25] Finished: r4b_lr001_ep30_b64_h128_fire50 -> Test R²=N/A
  Log: results/hyperparam_search/r4b_lr001_ep30_b64_h128_fire50_20260321_214933.log

=== ROUND 4 COMPLETE ===

=== ROUND 5: Extended training on promising configs ===
[21:50:25] Starting: r5a_lr001_ep100_b64_h128_fire10 (cores=0-2, nprocs=3)
[21:50:25] Starting: r5c_lr001_ep100_b64_h128_wreg (cores=6-8, nprocs=3)
[21:50:25] Starting: r5d_lr0005_ep100_b64_h512 (cores=9-11, nprocs=3)
[21:50:25] Starting: r5b_lr0005_ep100_b64_h256_fire5 (cores=3-5, nprocs=3)
