Loading SHD dataset from: ./data
FPTT training  dataset=shd  model=rule
  seed=42  hidden=[256]  n_input_neurons=700
  x_train=(7340, 16257, 2)  n_classes=20  epochs=50
  batch=36  lr=0.0003  alpha=0.1  beta=0.5
  lmbda=0.5  rho=0.0  parts=5  clip=1.0
  sync_rate=1  firing_nb=10000  use_tanh=True
  no_reset=False  identity_hh=False  vanilla=False
  train_samples=3000  optim=adam
  nlayers=1  dropout=0.2
  accumulate_logits=False  avg_logits=False
Model: rule  params=250,112  device=cuda
epoch=1  loss=4.351730  train_acc=0.1110  val_acc=0.0723  test_acc=0.0623  time=1067.6s
epoch=2  loss=2.960708  train_acc=0.1790  val_acc=0.1238  test_acc=0.1396  time=1087.0s
epoch=3  loss=2.920592  train_acc=0.4150  val_acc=0.2132  test_acc=0.2085  time=1038.9s
epoch=4  loss=2.894588  train_acc=0.3280  val_acc=0.1716  test_acc=0.1453  time=1025.1s
epoch=5  loss=2.877938  train_acc=0.4950  val_acc=0.2377  test_acc=0.2354  time=977.2s
epoch=6  loss=2.860438  train_acc=0.4920  val_acc=0.2206  test_acc=0.2292  time=625.6s
epoch=7  loss=2.845842  train_acc=0.6360  val_acc=0.2377  test_acc=0.2390  time=880.4s
epoch=8  loss=2.828113  train_acc=0.5600  val_acc=0.1961  test_acc=0.1952  time=1086.6s
epoch=9  loss=2.819033  train_acc=0.7420  val_acc=0.2561  test_acc=0.2553  time=873.7s
