Loading SHD dataset from: ./data
FPTT training  dataset=shd  model=rule
  seed=42  hidden=[256]  n_input_neurons=700
  x_train=(7340, 16257, 2)  n_classes=20  epochs=50
  batch=36  lr=0.001  alpha=0.1  beta=0.5
  lmbda=1.0  rho=0.0  parts=10  clip=1.0
  sync_rate=1  firing_nb=10000  use_tanh=True
  no_reset=False  identity_hh=False  vanilla=False
  train_samples=0  optim=adam
  nlayers=1  dropout=0.3
  accumulate_logits=False  avg_logits=False
Model: rule  params=250,112  device=cuda
epoch=1  loss=3.110922  train_acc=0.1670  val_acc=0.2010  test_acc=0.1815  time=2069.4s
epoch=2  loss=2.955686  train_acc=0.0770  val_acc=0.0797  test_acc=0.0985  time=1928.6s
epoch=3  loss=2.947020  train_acc=0.3920  val_acc=0.3309  test_acc=0.2527  time=1004.9s
epoch=4  loss=2.936392  train_acc=0.3840  val_acc=0.3113  test_acc=0.2584  time=1095.8s
epoch=5  loss=2.931659  train_acc=0.3640  val_acc=0.2623  test_acc=0.2372  time=1071.6s
epoch=6  loss=2.925692  train_acc=0.3180  val_acc=0.2316  test_acc=0.1665  time=703.8s
epoch=7  loss=2.918875  train_acc=0.5010  val_acc=0.3309  test_acc=0.2593  time=654.0s
epoch=8  loss=2.912442  train_acc=0.4880  val_acc=0.3162  test_acc=0.2438  time=652.7s
